DA1A - CPC-STD 178K Data 40trk 9sct 64dir 1Kpb Side 1
DA1B - CPC 178K Data 40trk 9sct 64dir 1Kpb Side 2
DA2A - CPC 187K Data 42trk 9sct 64dir 1Kpb Side 1
DA2B - CPC 187K Data 42trk 9sct 64dir 1Kpb Side 2
DA3A - CPC 253K Data 60trk 9sct 64dir 1Kpb Side 1
DA3B - CPC 253K Data 60trk 9sct 64dir 1Kpb Side 2
DA4A - CPC-B360 358K Data 80trk 9sct 64dir 2Kpb Side 1
DA4B - CPC-B360 358K Data 80trk 9sct 64dir 2Kpb Side 2
DAT5 - CPC 356K Data 40trk 9sct 128dir 2Kpb Two Sides
DDOB - DOBBERTIN 716K Data 80trk 9sct 128dir 4Kpb Two Sides
SY1A - CPC-STD 169K System 40trk 9sct 64dir 1Kpb Side 1
SY1B - CPC 169K System 40trk 9sct 64dir 1Kpb Side 2
SY2A - CPC 178K System 42trk 9sct 64dir 1Kpb Side 1
SY2B - CPC 178K System 42trk 9sct 64dir 1Kpb Side 2
SY3A - CPC 253K System 60trk 9sct 64dir 1Kpb Side 1 
SY3B - CPC 253K System 60trk 9sct 64dir 1Kpb Side 2
SY4A - CPC-B360 348K System 80trk 9sct 64dir 2Kpb Side 1
SY4B - CPC-B360 348K System 80trk 9sct 64dir 2Kpb Side 2
SYS5 - CPC 346K System 40trk 9sct 128dir 2Kpb Two Sides
SY6A - CPC 344K System 80trk 9sct 128dir 4Kpb Side 1
SY6B - CPC 344K System 80trk 9sct 128dir 4Kpb Side 2
SDOB - DOBBERTIN 704K System 80trk 9sct 128dir 4Kpb Two Sides
SBIG - ReadBIG 706K System 80trk 9sct 128dir 2Kpb Two Sides
IB1A - CPC-STD 154K Ibm-Cpm86 40trk 8sct 64dir 1Kpb Side 1
IB1B - CPC 154K Ibm-Cpm86 40trk 8sct 64dir 1Kpb Side 2
PC1A - PCW-STD 173K Format 40trk 9sct 64dir 1Kpb Side 1
PC1B - PCW 173K Format 40trk 9sct 64dir 1Kpb Side 2
PCW2 - PCW 346K Format 40trk 9sct 256dir 2Kpb Two Sides
PCW3 - PCW 706K Format 80trk 9sct 256dir 2Kpb Two Sides
DX1A - CPC 398K Data 80trk 10sct 64dir 2Kpb Side 1
DX1B - CPC 398K Data 80trk 10sct 64dir 2Kpb Side 2
DX2A - MAGIC-DOS 408K Data 82trk 10sct 64dir 2Kpb Side 1
DX2B - MAGIC-DOS 408K Data 82trk 10sct 64dir 2Kpb Side 2
DXT3 - PCW 784K Format 80trk 10sct 256dir 4Kpb Two Sides
DXT4 - DiskPara3 796K Format 80trk 10sct 128dir 2Kpb Two Sides
DXT5 - DiskPara 824K Format 83trk 10sct 192dir 2Kpb Two Sides
VRTX - VORTEX 704K Format 80trk 9sct 128dir 4Kpb Two Sides
RDD1 - RAMDOS-D1 716K Format 80trk 9sct 128dir 2Kpb Two Sides 
RD10 - RAMDOS-D10 796K Format 80trk 10sct 128dir 2Kpb Two Sides
RDD2 - RAMDOS-D2 712K Format 80trk 9sct 256dir 2Kpb Two Sides 
RD20 - RAMDOS-D20 792K Format 80trk 10sct 256dir 2Kpb Two Sides
Index file generation complete.
